// Jest Snapshot v1, https://goo.gl/fbAQLP

exports[`App will match snapshot 1`] = `
Object {
  "asFragment": [Function],
  "baseElement": <body>
    <div>
      <div>
        <div
          class="container"
        >
          <h1>
            Login
          </h1>
          <img
            class="login-img"
            src="userLogin.png"
          />
          <form>
            <div>
              <h5>
                User
              </h5>
              <div
                class="inputUsername"
              >
                <input
                  id="username"
                  name="username"
                  placeholder="User"
                  type="text"
                  value="mtsamis"
                />
              </div>
            </div>
            <div>
              <h5>
                PassWord
              </h5>
              <div
                class="inputPassword"
              >
                <input
                  id="password"
                  name="password"
                  placeholder="Password"
                  type="text"
                  value="xyz123"
                />
              </div>
            </div>
            <button
              class="btnLogin"
              type="submit"
            >
              Submit
            </button>
          </form>
        </div>
      </div>
    </div>
  </body>,
  "container": <div>
    <div>
      <div
        class="container"
      >
        <h1>
          Login
        </h1>
        <img
          class="login-img"
          src="userLogin.png"
        />
        <form>
          <div>
            <h5>
              User
            </h5>
            <div
              class="inputUsername"
            >
              <input
                id="username"
                name="username"
                placeholder="User"
                type="text"
                value="mtsamis"
              />
            </div>
          </div>
          <div>
            <h5>
              PassWord
            </h5>
            <div
              class="inputPassword"
            >
              <input
                id="password"
                name="password"
                placeholder="Password"
                type="text"
                value="xyz123"
              />
            </div>
          </div>
          <button
            class="btnLogin"
            type="submit"
          >
            Submit
          </button>
        </form>
      </div>
    </div>
  </div>,
  "debug": [Function],
  "findAllByAltText": [Function],
  "findAllByDisplayValue": [Function],
  "findAllByLabelText": [Function],
  "findAllByPlaceholderText": [Function],
  "findAllByRole": [Function],
  "findAllByTestId": [Function],
  "findAllByText": [Function],
  "findAllByTitle": [Function],
  "findByAltText": [Function],
  "findByDisplayValue": [Function],
  "findByLabelText": [Function],
  "findByPlaceholderText": [Function],
  "findByRole": [Function],
  "findByTestId": [Function],
  "findByText": [Function],
  "findByTitle": [Function],
  "getAllByAltText": [Function],
  "getAllByDisplayValue": [Function],
  "getAllByLabelText": [Function],
  "getAllByPlaceholderText": [Function],
  "getAllByRole": [Function],
  "getAllByTestId": [Function],
  "getAllByText": [Function],
  "getAllByTitle": [Function],
  "getByAltText": [Function],
  "getByDisplayValue": [Function],
  "getByLabelText": [Function],
  "getByPlaceholderText": [Function],
  "getByRole": [Function],
  "getByTestId": [Function],
  "getByText": [Function],
  "getByTitle": [Function],
  "queryAllByAltText": [Function],
  "queryAllByDisplayValue": [Function],
  "queryAllByLabelText": [Function],
  "queryAllByPlaceholderText": [Function],
  "queryAllByRole": [Function],
  "queryAllByTestId": [Function],
  "queryAllByText": [Function],
  "queryAllByTitle": [Function],
  "queryByAltText": [Function],
  "queryByDisplayValue": [Function],
  "queryByLabelText": [Function],
  "queryByPlaceholderText": [Function],
  "queryByRole": [Function],
  "queryByTestId": [Function],
  "queryByText": [Function],
  "queryByTitle": [Function],
  "rerender": [Function],
  "unmount": [Function],
}
`;
